#-----------------------------------------------------------
# Vivado v2020.1 (64-bit)
# SW Build 2902540 on Wed May 27 19:54:35 MDT 2020
# IP Build 2902112 on Wed May 27 22:43:36 MDT 2020
# Start of session at: Sun May 12 12:43:47 2024
# Process ID: 2154924
# Current directory: /home/sims0702/Documents/University/phase-3-courses/complex-digital-design/cdd_lab_3
# Command line: vivado cdd_lab_3.xpr
# Log file: /home/sims0702/Documents/University/phase-3-courses/complex-digital-design/cdd_lab_3/vivado.log
# Journal file: /home/sims0702/Documents/University/phase-3-courses/complex-digital-design/cdd_lab_3/vivado.jou
#-----------------------------------------------------------
start_gui
open_project cdd_lab_3.xpr
update_compile_order -fileset sources_1
launch_simulation
source uart_top_TB.tcl
open_wave_config {/home/sims0702/Documents/University/phase-3-courses/complex-digital-design/cdd_lab_3/uart_top_TB_behav.wcfg}
restart
run all
add_bp {/home/sims0702/Documents/University/phase-3-courses/complex-digital-design/cdd_lab_3/cdd_lab_3.srcs/sim_1/imports/Downloads/uart_top_TB.v} 58
run all
relaunch_sim
run all
run all
run all
run all
run all
run all
run all
run all
restart
run all
run all
run all
run all
run all
run all
run all
run all
run all
run all
run all
run all
run all
run all
run all
relaunch_sim
relaunch_sim
run all
run all
run all
run all
run all
run all
run all
run all
run all
add_bp {/home/sims0702/Documents/University/phase-3-courses/complex-digital-design/cdd_lab_3/cdd_lab_3.srcs/sim_1/imports/Downloads/uart_top_TB.v} 59
run all
run all
run all
run all
run all
add_bp {/home/sims0702/Documents/University/phase-3-courses/complex-digital-design/cdd_lab_3/cdd_lab_3.srcs/sim_1/imports/Downloads/uart_top_TB.v} 133
run all
run all
run all
relaunch_sim
run all
run all
run all
add_bp {/home/sims0702/Documents/University/phase-3-courses/complex-digital-design/cdd_lab_3/cdd_lab_3.srcs/sim_1/imports/Downloads/uart_top_TB.v} 75
add_bp {/home/sims0702/Documents/University/phase-3-courses/complex-digital-design/cdd_lab_3/cdd_lab_3.srcs/sim_1/imports/Downloads/uart_top_TB.v} 94
relaunch_sim
run all
run all
save_wave_config {/home/sims0702/Documents/University/phase-3-courses/complex-digital-design/cdd_lab_3/uart_top_TB_behav.wcfg}
relaunch_sim
run all
run all
run all
run all
run all
run all
run all
run all
run all
run all
run all
run all
run all
run all
run all
run all
run all
run all
run all
run all
run all
run all
run all
run all
run all
run all
run all
run all
run all
run all
run all
run all
run all
run all
run all
run all
run all
run all
run all
run all
run all
run all
run all
run all
run all
run all
run all
run all
run all
run all
run all
run all
run all
run all
run all
run all
run all
run all
run all
run all
relaunch_sim
run all
run all
run all
run all
run all
run all
run all
run all
run all
run all
run all
run all
run all
run all
run all
run all
run all
run all
run all
run all
run all
run all
run all
run all
run all
run all
run all
remove_bps -file {/home/sims0702/Documents/University/phase-3-courses/complex-digital-design/cdd_lab_3/cdd_lab_3.srcs/sim_1/imports/Downloads/uart_top_TB.v} -line 58
remove_bps -file {/home/sims0702/Documents/University/phase-3-courses/complex-digital-design/cdd_lab_3/cdd_lab_3.srcs/sim_1/imports/Downloads/uart_top_TB.v} -line 57
run all
relaunch_sim
run all
run all
run all
run all
run all
run all
run all
run all
run all
run all
relaunch_sim
run all
run all
run all
run all
run all
run all
run all
run all
run all
relaunch_sim
run all
run all
run all
run all
run all
run all
run all
run all
run all
relaunch_sim
relaunch_sim
run all
run all
run all
run all
relaunch_sim
run all
run all
run all
run all
relaunch_sim
run all
run all
run all
relaunch_sim
run all
run all
run all
run all
restart
run all
run all
run all
run all
relaunch_sim
run all
run all
run all
relaunch_sim
relaunch_sim
run all
run all
run all
relaunch_sim
run all
run all
run all
add_bp {/home/sims0702/Documents/University/phase-3-courses/complex-digital-design/cdd_lab_3/cdd_lab_3.srcs/sim_1/imports/Downloads/uart_top_TB.v} 133
relaunch_sim
add_bp {/home/sims0702/Documents/University/phase-3-courses/complex-digital-design/cdd_lab_3/cdd_lab_3.srcs/sim_1/imports/Downloads/uart_top_TB.v} 135
run all
relaunch_sim
run all
run all
run all
run all
restart
run all
run all
run all
run all
restart
run all
run all
run all
run all
relaunch_sim
run all
run all
run all
run all
relaunch_sim
run all
run all
run all
run all
relaunch_sim
run all
run all
run all
run all
relaunch_sim
run all
run all
run all
run all
relaunch_sim
run all
run all
run all
run all
relaunch_sim
run all
run all
run all
run all
relaunch_sim
relaunch_sim
run all
run all
run all
run all
relaunch_sim
run all
run all
run all
run all
relaunch_sim
run all
run all
run all
run all
relaunch_sim
run all
run all
run all
run all
relaunch_sim
run all
run all
run all
run all
relaunch_sim
run all
run all
run all
run all
relaunch_sim
run all
run all
run all
run all
relaunch_sim
run all
run all
run all
run all
relaunch_sim
run all
run all
run all
run all
relaunch_sim
relaunch_sim
run all
run all
run all
run all
relaunch_sim
run all
run all
run all
run all
relaunch_sim
run all
run all
run all
run all
