#-----------------------------------------------------------
# Vivado v2020.1 (64-bit)
# SW Build 2902540 on Wed May 27 19:54:35 MDT 2020
# IP Build 2902112 on Wed May 27 22:43:36 MDT 2020
# Start of session at: Fri May 10 18:20:22 2024
# Process ID: 105861
# Current directory: /home/sims0702/Documents/University/phase-3-courses/complex-digital-design/cdd_lab_3
# Command line: vivado cdd_lab_3.xpr
# Log file: /home/sims0702/Documents/University/phase-3-courses/complex-digital-design/cdd_lab_3/vivado.log
# Journal file: /home/sims0702/Documents/University/phase-3-courses/complex-digital-design/cdd_lab_3/vivado.jou
#-----------------------------------------------------------
start_gui
open_project cdd_lab_3.xpr
update_compile_order -fileset sources_1
# Disabling source management mode.  This is to allow the top design properties to be set without GUI intervention.
set_property source_mgmt_mode None [current_project]
set_property top mp_adder_TB [get_filesets sim_1]
set_property top_lib xil_defaultlib [get_filesets sim_1]
# Re-enabling previously disabled source management mode.
set_property source_mgmt_mode All [current_project]
update_compile_order -fileset sim_1
