#-----------------------------------------------------------
# Vivado v2020.1 (64-bit)
# SW Build 2902540 on Wed May 27 19:54:35 MDT 2020
# IP Build 2902112 on Wed May 27 22:43:36 MDT 2020
# Start of session at: Sun May 12 11:15:29 2024
# Process ID: 2088015
# Current directory: /home/sims0702/Documents/University/phase-3-courses/complex-digital-design/cdd_lab_3
# Command line: vivado cdd_lab_3.xpr
# Log file: /home/sims0702/Documents/University/phase-3-courses/complex-digital-design/cdd_lab_3/vivado.log
# Journal file: /home/sims0702/Documents/University/phase-3-courses/complex-digital-design/cdd_lab_3/vivado.jou
#-----------------------------------------------------------
start_gui
open_project cdd_lab_3.xpr
update_compile_order -fileset sources_1
launch_simulation
source uart_top_TB.tcl
close_sim
launch_simulation
source uart_top_TB.tcl
open_wave_config {/home/sims0702/Documents/University/phase-3-courses/complex-digital-design/cdd_lab_3/uart_top_TB_behav.wcfg}
run all
run all
restart
